20-billed-editor Pro trial has expired. The install is now running Essentials features.
Manage License
×
AlgaPSA
Back to Main

CONTRACTS

Contract Templates
Client Contracts
Contract Line Presets

INVOICING

Invoicing
Invoice Layouts
Billing Cycles
Service Periods
Credits

QUOTES

Quotes
Quote Templates
Quote Layouts

PRICING

Service Types
Service Categories
Services
Products
Tax

TRACKING & REPORTS

Usage Tracking
Reports
Accounting Exports
v1.6.2
Home
Dashboard
6d178771-ad9a-4d43-8809-83992745f8f9
Quick Create
13
GG
Billing
Back to Contracts
MSP Standard
Active
Client-owned
Billing Frequency:
Monthly
•
Currency:
USD
•
Contract Lines:
1
•
Start Date:
Jun 1, 2026
•
End Date:
Ongoing
•
Last Updated:
Jun 23, 2026
Overview
Contract Lines
Pricing Schedules
Discounts
Documents
Invoices
Contract Lines

Manage the contract lines and services for this contract

+ Add location
Add from Presets
Create Custom
Name:
MSP Standard - Fixed Fee
Type:
Fixed
•
Frequency: Monthly
•
Services: 1 service
•
Rate: $500.00
•
Unreviewed
Edit
Reset to standard
Remove

Contract Line Configuration

Settings that apply to this contract line

Save
Cancel
LOCATION

No location assigned

BILLING TIMING

In Arrears

CADENCE OWNER

Client schedule

INVOICE LINE TEXT
START DATE
END DATE

After a line has billed, invoice text and line dates remain editable. Start and end dates cannot exclude service periods already billed or claimed; rates and quantities use prospective changes.

Fixed contract lines bill a flat recurring fee regardless of individual service rates.

About service rates below: For fixed fee lines, the service rate and quantity are used only for tax allocation purposes. They determine how the fixed fee is proportionally attributed across services for tax calculations. The actual billed amount is the contract line's base rate shown above.
Services (1)

On-Site Support

Fixed Service

Qty: 1
QUANTITY (FOR TAX ALLOCATION)

1

RATE (FOR TAX ALLOCATION)

$500.00

Bucket Pools
Add Pool

Loading bucket pools…
21-safe-edit-reloaded Pro trial has expired. The install is now running Essentials features.
Manage License
×
AlgaPSA
Back to Main

CONTRACTS

Contract Templates
Client Contracts
Contract Line Presets

INVOICING

Invoicing
Invoice Layouts
Billing Cycles
Service Periods
Credits

QUOTES

Quotes
Quote Templates
Quote Layouts

PRICING

Service Types
Service Categories
Services
Products
Tax

TRACKING & REPORTS

Usage Tracking
Reports
Accounting Exports
v1.6.2
Home
Dashboard
6d178771-ad9a-4d43-8809-83992745f8f9
Quick Create
13
GG
Billing
Back to Contracts
MSP Standard
Active
Client-owned
Billing Frequency:
Monthly
•
Currency:
USD
•
Contract Lines:
1
•
Start Date:
Jun 1, 2026
•
End Date:
Ongoing
•
Last Updated:
Jun 23, 2026
Overview
Contract Lines
Pricing Schedules
Discounts
Documents
Invoices
Contract Lines

Manage the contract lines and services for this contract

+ Add location
Add from Presets
Create Custom
Name:
MSP Standard - Fixed Fee
Type:
Fixed
•
Frequency: Monthly
•
Services: 1 service
•
Rate: $500.00
•
Unreviewed
•
Dates: — → 2027-05-01
Edit
Reset to standard
Remove

Contract Line Configuration

Settings that apply to this contract line

Save
Cancel
LOCATION

No location assigned

BILLING TIMING

In Arrears

CADENCE OWNER

Client schedule

INVOICE LINE TEXT
START DATE
END DATE

After a line has billed, invoice text and line dates remain editable. Start and end dates cannot exclude service periods already billed or claimed; rates and quantities use prospective changes.

Fixed contract lines bill a flat recurring fee regardless of individual service rates.

About service rates below: For fixed fee lines, the service rate and quantity are used only for tax allocation purposes. They determine how the fixed fee is proportionally attributed across services for tax calculations. The actual billed amount is the contract line's base rate shown above.
Services (1)

On-Site Support

Fixed Service

Qty: 1
QUANTITY (FOR TAX ALLOCATION)

1

RATE (FOR TAX ALLOCATION)

$500.00

Bucket Pools
Add Pool

No bucket pools on this line. Add a pool to include prepaid hours.
22-protected-start-rejected Pro trial has expired. The install is now running Essentials features.
Manage License
×
AlgaPSA
Back to Main

CONTRACTS

Contract Templates
Client Contracts
Contract Line Presets

INVOICING

Invoicing
Invoice Layouts
Billing Cycles
Service Periods
Credits

QUOTES

Quotes
Quote Templates
Quote Layouts

PRICING

Service Types
Service Categories
Services
Products
Tax

TRACKING & REPORTS

Usage Tracking
Reports
Accounting Exports
v1.6.2
Home
Dashboard
6d178771-ad9a-4d43-8809-83992745f8f9
Quick Create
13
GG
Billing
Back to Contracts
MSP Standard
Active
Client-owned
Billing Frequency:
Monthly
•
Currency:
USD
•
Contract Lines:
1
•
Start Date:
Jun 1, 2026
•
End Date:
Ongoing
•
Last Updated:
Jun 23, 2026
Overview
Contract Lines
Pricing Schedules
Discounts
Documents
Invoices
Contract Lines

Manage the contract lines and services for this contract

+ Add location
Add from Presets
Create Custom
Start date must be on or before 2026-06-01 to include protected service history.
Name:
MSP Standard - Fixed Fee
Type:
Fixed
•
Frequency: Monthly
•
Services: 1 service
•
Rate: $500.00
•
Unreviewed
•
Dates: — → 2027-05-01
Edit
Reset to standard
Remove

Contract Line Configuration

Settings that apply to this contract line

Save
Cancel
LOCATION

No location assigned

BILLING TIMING

In Arrears

CADENCE OWNER

Client schedule

INVOICE LINE TEXT
START DATE
END DATE

After a line has billed, invoice text and line dates remain editable. Start and end dates cannot exclude service periods already billed or claimed; rates and quantities use prospective changes.

Fixed contract lines bill a flat recurring fee regardless of individual service rates.

About service rates below: For fixed fee lines, the service rate and quantity are used only for tax allocation purposes. They determine how the fixed fee is proportionally attributed across services for tax calculations. The actual billed amount is the contract line's base rate shown above.
Services (1)

On-Site Support

Fixed Service

Qty: 1
QUANTITY (FOR TAX ALLOCATION)

1

RATE (FOR TAX ALLOCATION)

$500.00

Bucket Pools
Add Pool

No bucket pools on this line. Add a pool to include prepaid hours.
23-protected-end-rejected Pro trial has expired. The install is now running Essentials features.
Manage License
×
AlgaPSA
Back to Main

CONTRACTS

Contract Templates
Client Contracts
Contract Line Presets

INVOICING

Invoicing
Invoice Layouts
Billing Cycles
Service Periods
Credits

QUOTES

Quotes
Quote Templates
Quote Layouts

PRICING

Service Types
Service Categories
Services
Products
Tax

TRACKING & REPORTS

Usage Tracking
Reports
Accounting Exports
v1.6.2
Home
Dashboard
6d178771-ad9a-4d43-8809-83992745f8f9
Quick Create
13
GG
Billing
Back to Contracts
MSP Standard
Active
Client-owned
Billing Frequency:
Monthly
•
Currency:
USD
•
Contract Lines:
1
•
Start Date:
Jun 1, 2026
•
End Date:
Ongoing
•
Last Updated:
Jun 23, 2026
Overview
Contract Lines
Pricing Schedules
Discounts
Documents
Invoices
Contract Lines

Manage the contract lines and services for this contract

+ Add location
Add from Presets
Create Custom
End date must be on or after 2026-07-01 to include protected service history.
Name:
MSP Standard - Fixed Fee
Type:
Fixed
•
Frequency: Monthly
•
Services: 1 service
•
Rate: $500.00
•
Unreviewed
•
Dates: — → 2027-05-01
Edit
Reset to standard
Remove

Contract Line Configuration

Settings that apply to this contract line

Save
Cancel
LOCATION

No location assigned

BILLING TIMING

In Arrears

CADENCE OWNER

Client schedule

INVOICE LINE TEXT
START DATE
END DATE

After a line has billed, invoice text and line dates remain editable. Start and end dates cannot exclude service periods already billed or claimed; rates and quantities use prospective changes.

Fixed contract lines bill a flat recurring fee regardless of individual service rates.

About service rates below: For fixed fee lines, the service rate and quantity are used only for tax allocation purposes. They determine how the fixed fee is proportionally attributed across services for tax calculations. The actual billed amount is the contract line's base rate shown above.
Services (1)

On-Site Support

Fixed Service

Qty: 1
QUANTITY (FOR TAX ALLOCATION)

1

RATE (FOR TAX ALLOCATION)

$500.00

Bucket Pools
Add Pool

No bucket pools on this line. Add a pool to include prepaid hours.
24-cleared-restored Pro trial has expired. The install is now running Essentials features.
Manage License
×
AlgaPSA
Back to Main

CONTRACTS

Contract Templates
Client Contracts
Contract Line Presets

INVOICING

Invoicing
Invoice Layouts
Billing Cycles
Service Periods
Credits

QUOTES

Quotes
Quote Templates
Quote Layouts

PRICING

Service Types
Service Categories
Services
Products
Tax

TRACKING & REPORTS

Usage Tracking
Reports
Accounting Exports
v1.6.2
Home
Dashboard
6d178771-ad9a-4d43-8809-83992745f8f9
Quick Create
13
GG
Billing
Back to Contracts
MSP Standard
Active
Client-owned
Billing Frequency:
Monthly
•
Currency:
USD
•
Contract Lines:
1
•
Start Date:
Jun 1, 2026
•
End Date:
Ongoing
•
Last Updated:
Jun 23, 2026
Overview
Contract Lines
Pricing Schedules
Discounts
Documents
Invoices
Contract Lines

Manage the contract lines and services for this contract

+ Add location
Add from Presets
Create Custom
Name:
MSP Standard - Fixed Fee
Type:
Fixed
•
Frequency: Monthly
•
Services: 1 service
•
Rate: $500.00
•
Unreviewed
Edit
Reset to standard
Remove

Contract Line Configuration

Settings that apply to this contract line

Save
Cancel
LOCATION

No location assigned

BILLING TIMING

In Arrears

CADENCE OWNER

Client schedule

INVOICE LINE TEXT
START DATE
END DATE

After a line has billed, invoice text and line dates remain editable. Start and end dates cannot exclude service periods already billed or claimed; rates and quantities use prospective changes.

Fixed contract lines bill a flat recurring fee regardless of individual service rates.

About service rates below: For fixed fee lines, the service rate and quantity are used only for tax allocation purposes. They determine how the fixed fee is proportionally attributed across services for tax calculations. The actual billed amount is the contract line's base rate shown above.
Services (1)

On-Site Support

Fixed Service

Qty: 1
QUANTITY (FOR TAX ALLOCATION)

1

RATE (FOR TAX ALLOCATION)

$500.00

Bucket Pools
Add Pool

No bucket pools on this line. Add a pool to include prepaid hours.
