
> server@0.1.0 build
> NEXT_PUBLIC_EDITION=enterprise next build

 ⚠ You are using a non-standard "NODE_ENV" value in your environment. This creates inconsistencies in the project and is strongly advised against. Read more: https://nextjs.org/docs/messages/non-standard-node-env
  ▲ Next.js 14.2.24

   Creating an optimized production build ...
